{
  "removed": {
    "follow": false,
    "proxy": "123.234.53.22"
  },
  "updated": {
    "timeout": [50, 20]
  },
  "added": {
    "verbose": true
  }
}